%!Adobe-FontList 1.23
%Locale:0xc0a

%BeginFont
Handler:DirectoryHandler
FontType:CID
FontName:AdobeSongStd-Light
FamilyName:Adobe Song Std
StyleName:L
FullName:Adobe Song Std L
MenuName:Adobe Song Std L
StyleBits:0
FamilyNameNative:Adobe 宋体 Std
StyleNameNative:L
FullNameNative:Adobe 宋体 Std L
WritingScript:SimplifiedChinese
OutlineFileName:C:\Users\Usuario\Desktop\KHOKA QUIMICA etapa 2 mockup ESCRITORIO para anderson\Document fonts\AdobeSongStd-Light.otf
DataFormat:sfntData
isCFF:yes
hasSVG:no
hasCOLR:no
VariableFontType:NonVariableFont
FileLength:15586660
FileModTime:1265312814
WeightClass:300
WidthClass:5
AngleClass:0
NameArray:0,Mac,4,Adobe Song Std L
NameArray:25,Mac,4,Adobe 宋体 Std L
NameArray:0,Win,1,Adobe Song Std L
NameArray:0,Win,16,Adobe Song Std
NameArray:25,Win,1,Adobe 宋体 Std L
NameArray:25,Win,16,Adobe 宋体 Std
%EndFont

%BeginFont
Handler:DirectoryHandler
FontType:Type1
FontName:CiutadellaRounded-Lt
FamilyName:Ciutadella Rounded
StyleName:Light
FullName:Ciutadella Rounded Light
MenuName:Ciutadella Rounded Light
StyleBits:0
WritingScript:Roman
OutlineFileName:C:\Users\Usuario\Desktop\KHOKA QUIMICA etapa 2 mockup ESCRITORIO para anderson\Document fonts\Emtype Foundry - Ciutadella Rounded Light Regular.otf
DataFormat:sfntData
UsesStandardEncoding:yes
isCFF:yes
hasSVG:no
hasCOLR:no
VariableFontType:NonVariableFont
FileLength:55676
FileModTime:1720020597
WeightClass:300
WidthClass:5
AngleClass:0
NameArray:0,Mac,4,Ciutadella Rounded Light
NameArray:0,Win,1,Ciutadella Rounded Light
NameArray:0,Win,16,Ciutadella Rounded
%EndFont

%BeginFont
Handler:DirectoryHandler
FontType:Type1
FontName:Baskerville120Pro-Italic
FamilyName:Baskerville 120 Pro
StyleName:Italic
FullName:Baskerville 120 Pro Italic
MenuName:Baskerville 120 Pro
StyleBits:1
WritingScript:Roman
OutlineFileName:C:\Users\Usuario\Desktop\KHOKA QUIMICA etapa 2 mockup ESCRITORIO para anderson\Document fonts\Storm - Baskerville120Pro-Italic.otf
DataFormat:sfntData
UsesStandardEncoding:yes
isCFF:yes
hasSVG:no
hasCOLR:no
VariableFontType:NonVariableFont
FileLength:246420
FileModTime:1480988736
WeightClass:400
WidthClass:5
AngleClass:1
NameArray:0,Mac,4,Baskerville 120 Pro Italic
NameArray:0,Win,1,Baskerville 120 Pro
%EndFont

%BeginFont
Handler:DirectoryHandler
FontType:Type1
FontName:Baskerville120Pro
FamilyName:Baskerville 120 Pro
StyleName:Regular
FullName:Baskerville 120 Pro
MenuName:Baskerville 120 Pro
StyleBits:0
WritingScript:Roman
OutlineFileName:C:\Users\Usuario\Desktop\KHOKA QUIMICA etapa 2 mockup ESCRITORIO para anderson\Document fonts\Storm - Baskerville120Pro.otf
DataFormat:sfntData
UsesStandardEncoding:yes
isCFF:yes
hasSVG:no
hasCOLR:no
VariableFontType:NonVariableFont
FileLength:253296
FileModTime:1480988742
WeightClass:400
WidthClass:5
AngleClass:0
NameArray:0,Mac,4,Baskerville 120 Pro
NameArray:0,Win,1,Baskerville 120 Pro
%EndFont

%BeginFont
Handler:DirectoryHandler
FontType:Type1
FontName:Baskerville120ProMedium
FamilyName:Baskerville 120 Pro Medium
StyleName:Regular
FullName:Baskerville 120 Pro Medium
MenuName:Baskerville 120 Pro Medium
StyleBits:0
WritingScript:Roman
OutlineFileName:C:\Users\Usuario\Desktop\KHOKA QUIMICA etapa 2 mockup ESCRITORIO para anderson\Document fonts\Storm - Baskerville120ProMedium.otf
DataFormat:sfntData
UsesStandardEncoding:yes
isCFF:yes
hasSVG:no
hasCOLR:no
VariableFontType:NonVariableFont
FileLength:270436
FileModTime:1678413376
WeightClass:400
WidthClass:5
AngleClass:0
NameArray:0,Mac,4,Baskerville 120 Pro Medium
NameArray:0,Win,1,Baskerville 120 Pro Medium
%EndFont

%BeginFont
Handler:DirectoryHandler
FontType:TrueType
FontName:AbadiMT-CondensedLight
FamilyName:Abadi MT Condensed Light
StyleName:Regular
FullName:Abadi MT Condensed Light
MenuName:Abadi MT Condensed Light
StyleBits:0
WritingScript:Roman
OutlineFileName:C:\Users\Usuario\Desktop\KHOKA QUIMICA etapa 2 mockup ESCRITORIO para anderson\Document fonts\abalc.TTF
DataFormat:sfntData
hasSVG:no
hasCOLR:no
VariableFontType:NonVariableFont
FileLength:65572
FileModTime:1177863742
WeightClass:300
WidthClass:3
AngleClass:0
NameArray:0,Mac,4,Abadi MT Condensed Light
NameArray:0,Win,1,Abadi MT Condensed Light
%EndFont

%BeginFont
Handler:DirectoryHandler
FontType:TrueType
FontName:TimesNewRomanPSMT
FamilyName:Times New Roman
StyleName:Regular
FullName:Times New Roman
MenuName:Times New Roman
StyleBits:0
WritingScript:Roman
OutlineFileName:C:\Users\Usuario\Desktop\KHOKA QUIMICA etapa 2 mockup ESCRITORIO para anderson\Document fonts\times.ttf
DataFormat:sfntData
hasSVG:no
hasCOLR:no
VariableFontType:NonVariableFont
FileLength:1206884
FileModTime:1651900759
WeightClass:400
WidthClass:5
AngleClass:0
NameArray:0,Mac,4,Times New Roman
NameArray:0,Win,1,Times New Roman
%EndFont

%BeginFont
Handler:DirectoryHandler
FontType:TrueType
FontName:TimesNewRomanPS-BoldMT
FamilyName:Times New Roman
StyleName:Bold
FullName:Times New Roman Bold
MenuName:Times New Roman
StyleBits:2
WritingScript:Roman
OutlineFileName:C:\Users\Usuario\Desktop\KHOKA QUIMICA etapa 2 mockup ESCRITORIO para anderson\Document fonts\timesbd.ttf
DataFormat:sfntData
hasSVG:no
hasCOLR:no
VariableFontType:NonVariableFont
FileLength:1185876
FileModTime:1651900759
WeightClass:700
WidthClass:5
AngleClass:0
NameArray:0,Mac,4,Times New Roman Bold
NameArray:0,Win,1,Times New Roman
%EndFont

%BeginFont
Handler:DirectoryHandler
FontType:TrueType
FontName:TimesNewRomanPS-ItalicMT
FamilyName:Times New Roman
StyleName:Italic
FullName:Times New Roman Italic
MenuName:Times New Roman
StyleBits:1
WritingScript:Roman
OutlineFileName:C:\Users\Usuario\Desktop\KHOKA QUIMICA etapa 2 mockup ESCRITORIO para anderson\Document fonts\timesi.ttf
DataFormat:sfntData
hasSVG:no
hasCOLR:no
VariableFontType:NonVariableFont
FileLength:977892
FileModTime:1651900759
WeightClass:400
WidthClass:5
AngleClass:1
NameArray:0,Mac,4,Times New Roman Italic
NameArray:0,Win,1,Times New Roman
%EndFont

%BeginFont
Handler:DirectoryHandler
FontType:TrueType
FontName:Cambria
FamilyName:Cambria
StyleName:Regular
FullName:Cambria
MenuName:Cambria
StyleBits:0
WritingScript:Roman
OutlineFileName:C:\Users\Usuario\Desktop\KHOKA QUIMICA etapa 2 mockup ESCRITORIO para anderson\Document fonts\cambria.ttc
TTCOffset:32
DataFormat:sfntData
hasSVG:no
hasCOLR:no
VariableFontType:NonVariableFont
FileLength:1792664
FileModTime:1651900758
WeightClass:400
WidthClass:5
AngleClass:0
NameArray:0,Mac,4,Cambria
NameArray:0,Win,1,Cambria
%EndFont

%BeginFont
Handler:DirectoryHandler
FontType:TrueType
FontName:CambriaMath
FamilyName:Cambria Math
StyleName:Regular
FullName:Cambria Math
MenuName:Cambria Math
StyleBits:0
WritingScript:Roman
OutlineFileName:C:\Users\Usuario\Desktop\KHOKA QUIMICA etapa 2 mockup ESCRITORIO para anderson\Document fonts\cambria.ttc
TTCOffset:380
DataFormat:sfntData
hasSVG:no
hasCOLR:no
VariableFontType:NonVariableFont
FileLength:1792664
FileModTime:1651900758
WeightClass:400
WidthClass:5
AngleClass:0
NameArray:0,Mac,4,Cambria Math
NameArray:0,Win,1,Cambria Math
%EndFont

